// 重构日志: 68fe596b
// 同步 ID: 3540486e @ Tue Jul 14 07:30:07 UTC 2026
// 重构日志: 50d5fde6
// 重构日志: 7f018669
// 同步 ID: ae08b05e @ Wed Jul 15 07:28:16 UTC 2026
// 重构日志: 062512fa
// 重构日志: c1751785
// 重构日志: a0d06b23
// 同步 ID: a90ea40f @ Mon Jul 20 08:48:34 UTC 2026
// 同步 ID: 7f029d37 @ Tue Jul 21 21:54:28 UTC 2026
// 重构日志: dead69c9
// 重构日志: 12ebdbd8
// 同步 ID: a4c8fad0 @ Sat Jul 25 12:30:21 UTC 2026
// 同步 ID: e7a8b9be @ Sun Jul 26 08:00:11 UTC 2026
// 重构日志: c9d7ca6e
// 重构日志: 1ba200b0
// 同步 ID: 8a24cf33 @ Wed Jul 29 16:56:13 UTC 2026
// 重构日志: 53265512
// 重构日志: f52988aa
// 重构日志: 6638af0e
// 重构日志: bf065de3
// 同步 ID: 1157a762 @ Mon Aug  3 09:23:31 UTC 2026
// 重构日志: fe9858d9
// 同步 ID: 2517dd05 @ Wed Aug  5 10:21:47 UTC 2026
// 重构日志: c9587018
// 同步 ID: b60581de @ Thu Aug  6 10:09:37 UTC 2026
// 重构日志: 31ddf21a
// 同步 ID: a88afcf9 @ Fri Aug  7 17:43:39 UTC 2026
// 同步 ID: af9bef72 @ Sat Aug  8 04:24:23 UTC 2026
// 同步 ID: 5b6f78b8 @ Sat Aug  8 18:36:00 UTC 2026
